// Jest Snapshot v1, https://goo.gl/fbAQLP

exports[`tokens-transfer.component tests:
 Snapshot cases:
 Having balances:
 Must show tokens balances with send icon: tokens-transfer.component ICONS 1`] = `
<DocumentFragment>
  <div
    class="App "
  >
    <div
      class="app-router"
      style="height: 100%; display: grid; grid-template-rows: 70px 1fr;"
    >
      <div
        class="title-section"
      >
        <span
          aria-label="arrow-back-icon"
          class="icon-component material-icons-outlined icon-button clickable"
        >
          arrow_back
        </span>
        <div
          class="title"
        >
          Tokens
        </div>
        <span
          aria-label="icon-close-page"
          class="icon-component material-icons-outlined icon-button clickable"
        >
          clear
        </span>
      </div>
      <div
        class="page-content"
        style="overflow: auto; display: flex; flex-direction: column;"
      >
        <div
          class="tokens-page"
        >
          <div
            class="disclaimer"
          >
            View your custom token balances. You can hide certain tokens and see more information by clicking the settings wheel.
          </div>
          <div
            class="top-bar-container"
          >
            <div
              class="custom-input"
            >
              <div
                class="input-container no-logo   "
              >
                <input
                  aria-label="input-filter-box"
                  class=""
                  placeholder="Search "
                  type="text"
                  value=""
                />
              </div>
            </div>
            <span
              aria-label="open-tokens-filter"
              class="icon-component material-icons-outlined filter clickable"
            >
              filter_alt
            </span>
            <span
              aria-label="tokens-settings-icon"
              class="icon-component material-icons-outlined settings clickable"
            >
              settings
            </span>
          </div>
          <div
            aria-label="my-tokens"
            class="my-tokens"
          >
            <div
              aria-label="token-user-item"
              class="token-item"
            >
              <div
                aria-label="token-user-symbol-PAL"
                class="token"
              >
                <div
                  class="tooltip-container"
                >
                  <div
                    class="tooltip-anchor"
                  >
                    <div
                      class="balance"
                    >
                      1,189.573
                    </div>
                  </div>
                </div>
                <div
                  class="symbol"
                >
                  PAL
                </div>
                <span
                  aria-label="icon-token-history-PAL"
                  class="icon-component material-icons-outlined history clickable"
                >
                  history
                </span>
                <span
                  aria-label="icon-send-history-PAL"
                  class="icon-component material-icons-outlined send clickable"
                >
                  send
                </span>
                <span
                  aria-label="icon-expand-more-PAL"
                  class="icon-component material-icons-outlined more closed clickable"
                >
                  expand_more
                </span>
              </div>
            </div>
            <div
              aria-label="token-user-item"
              class="token-item"
            >
              <div
                aria-label="token-user-symbol-BUILDTEAM"
                class="token"
              >
                <div
                  class="tooltip-container"
                >
                  <div
                    class="tooltip-anchor"
                  >
                    <div
                      class="balance"
                    >
                      100.000
                    </div>
                  </div>
                </div>
                <div
                  class="symbol"
                >
                  BUILDTEAM
                </div>
                <span
                  aria-label="icon-token-history-BUILDTEAM"
                  class="icon-component material-icons-outlined history clickable"
                >
                  history
                </span>
                <span
                  aria-label="icon-send-history-BUILDTEAM"
                  class="icon-component material-icons-outlined send clickable"
                >
                  send
                </span>
                <span
                  aria-label="icon-expand-more-BUILDTEAM"
                  class="icon-component material-icons-outlined more closed clickable"
                >
                  expand_more
                </span>
              </div>
            </div>
            <div
              aria-label="token-user-item"
              class="token-item"
            >
              <div
                aria-label="token-user-symbol-LEO"
                class="token"
              >
                <div
                  class="tooltip-container"
                >
                  <div
                    class="tooltip-anchor"
                  >
                    <div
                      class="balance"
                    >
                      38.861
                    </div>
                  </div>
                </div>
                <div
                  class="symbol"
                >
                  LEO
                </div>
                <span
                  aria-label="icon-token-history-LEO"
                  class="icon-component material-icons-outlined history clickable"
                >
                  history
                </span>
                <span
                  aria-label="icon-send-history-LEO"
                  class="icon-component material-icons-outlined send clickable"
                >
                  send
                </span>
                <span
                  aria-label="icon-expand-more-LEO"
                  class="icon-component material-icons-outlined more closed clickable"
                >
                  expand_more
                </span>
              </div>
              <div
                aria-label="token-info-expandable-panel"
                class="expandable-panel closed"
              >
                <div
                  class="token-info"
                >
                  <div
                    aria-label="token-info-go-to-website"
                    class="token-description"
                  >
                    <img
                      class="token-icon"
                      src="https://s3.amazonaws.com/steemmonsters/website/ui_elements/open_packs/img_essence-orb.png"
                    />
                    <div
                      class="token-name-issuer"
                    >
                      <span
                        class="token-name"
                      >
                        LEO tokens
                      </span>
                      <span
                        class="token-issuer"
                      >
                        @leofinance
                      </span>
                    </div>
                  </div>
                  <div>
                    Balance : 38.861
                  </div>
                  <div>
                    Staking : 1.060
                  </div>
                  <div
                    aria-label="button-go-to-incoming-delegations"
                    class="delegation-line"
                  >
                    Delegation in : 1
                    <span
                      class="icon-component material-icons-outlined  "
                    >
                      list
                    </span>
                  </div>
                  <div
                    aria-label="button-go-to-outgoing-delegations"
                    class="delegation-line"
                  >
                    <div>
                      Delegation out : 1
                    </div>
                    <span
                      class="icon-component material-icons-outlined  "
                    >
                      list
                    </span>
                  </div>
                </div>
                <div
                  class="button-panel"
                >
                  <div
                    aria-label="button-token-stake"
                    class="action-button stake"
                  >
                    Stake
                  </div>
                  <div
                    aria-label="button-token-unstake"
                    class="action-button unstake"
                  >
                    Unstake
                  </div>
                  <div
                    aria-label="button-token-delegate"
                    class="action-button delegate"
                  >
                    Delegate
                  </div>
                </div>
              </div>
            </div>
          </div>
        </div>
      </div>
    </div>
    <div
      class="Toastify"
    />
    <div
      aria-label="proposal-voting-section"
      class="proposal-voting-section hide closed"
    >
      <span
        class="icon-component material-icons close clickable"
      >
        clear
      </span>
      <div
        class="text"
      >
        Support Keychain development proposal
      </div>
    </div>
  </div>
</DocumentFragment>
`;

exports[`tokens-transfer.component tests:
 Snapshot cases:
 No tokens balances:
 Must show no balances: tokens-transfer.component NO BALANCES 1`] = `
<DocumentFragment>
  <div
    class="App "
  >
    <div
      class="app-router"
      style="height: 100%; display: grid; grid-template-rows: 70px 1fr;"
    >
      <div
        class="title-section"
      >
        <span
          aria-label="arrow-back-icon"
          class="icon-component material-icons-outlined icon-button clickable"
        >
          arrow_back
        </span>
        <div
          class="title"
        >
          Tokens
        </div>
        <span
          aria-label="icon-close-page"
          class="icon-component material-icons-outlined icon-button clickable"
        >
          clear
        </span>
      </div>
      <div
        class="page-content"
        style="overflow: auto; display: flex; flex-direction: column;"
      >
        <div
          class="tokens-page"
        >
          <div
            class="disclaimer"
          >
            View your custom token balances. You can hide certain tokens and see more information by clicking the settings wheel.
          </div>
          <div
            class="top-bar-container"
          >
            <div
              class="custom-input"
            >
              <div
                class="input-container no-logo   "
              >
                <input
                  aria-label="input-filter-box"
                  class=""
                  placeholder="Search "
                  type="text"
                  value=""
                />
              </div>
            </div>
            <span
              aria-label="open-tokens-filter"
              class="icon-component material-icons-outlined filter clickable"
            >
              filter_alt
            </span>
            <span
              aria-label="tokens-settings-icon"
              class="icon-component material-icons-outlined settings clickable"
            >
              settings
            </span>
          </div>
          <div
            class="no-tokens"
          >
            You currently don't have any custom tokens. Click on the settings wheel to get information about the tokens available.
          </div>
        </div>
      </div>
    </div>
    <div
      class="Toastify"
    />
    <div
      aria-label="proposal-voting-section"
      class="proposal-voting-section hide closed"
    >
      <span
        class="icon-component material-icons close clickable"
      >
        clear
      </span>
      <div
        class="text"
      >
        Support Keychain development proposal
      </div>
    </div>
  </div>
</DocumentFragment>
`;
