// Jest Snapshot v1, https://goo.gl/fbAQLP

exports[`keychainify.component tests:
 Must load component and match snapshot: keychainify.component Default 1`] = `
<DocumentFragment>
  <div
    class="App "
  >
    <div
      class="app-router"
      style="height: 100%; display: grid; grid-template-rows: 70px 1fr;"
    >
      <div
        class="title-section"
      >
        <span
          aria-label="arrow-back-icon"
          class="icon-component material-icons-outlined icon-button clickable"
        >
          arrow_back
        </span>
        <div
          class="title"
        >
          Keychainify
        </div>
        <span
          aria-label="icon-close-page"
          class="icon-component material-icons-outlined icon-button clickable"
        >
          clear
        </span>
      </div>
      <div
        class="page-content"
        style="overflow: auto; display: flex; flex-direction: column;"
      >
        <div
          aria-label="keychainify-page"
          class="keychainify-page"
        >
          <div
            class="intro"
          >
            This feature allows you to trigger a Hive Keychain operation when clicking on a supported link on a web page or accessing the URL directly in a browser tab. Currently supports the following Hivesigner links: transfers, delegation, custom JSON, witness proxy and votes.
          </div>
          <div
            class="checkbox-container align-top"
          >
            <div
              class="checkbox-and-label"
            >
              <div
                class="pretty p-default"
              >
                <input
                  aria-checked="true"
                  id="checkbox-keychainify-inner-input"
                  type="checkbox"
                  value=""
                />
                <div
                  class="state"
                >
                  <label
                    for="checkbox-keychainify-inner-input"
                  />
                </div>
              </div>
              <div
                aria-label="checkbox-keychainify"
                class="label"
              >
                Enable Keychainify
              </div>
            </div>
            <div
              class="hint"
            >
              When enabled, this feature will open a Keychain pop when you click on supported links.
            </div>
          </div>
        </div>
      </div>
    </div>
    <div
      class="Toastify"
    />
    <div
      aria-label="proposal-voting-section"
      class="proposal-voting-section hide closed"
    >
      <span
        class="icon-component material-icons close clickable"
      >
        clear
      </span>
      <div
        class="text"
      >
        Support Keychain development proposal
      </div>
    </div>
  </div>
</DocumentFragment>
`;
