// Jest Snapshot v1, https://goo.gl/fbAQLP

exports[`wallet-info-section.component tests:
 Regular Data:
 Must show actual balances and match snapshot: wallet-info-section.component All balances 1`] = `
<DocumentFragment>
  <div
    class="App homepage"
  >
    <div
      class="app-router"
      style="height: 100%; display: grid; grid-template-rows: 1fr;"
    >
      <div
        class="page-content"
        style="overflow: auto; display: flex; flex-direction: column;"
      >
        <div
          class="home-page"
        >
          <div
            aria-label="home-page-component"
          >
            <div
              class="top-bar"
            >
              <img
                aria-label="top-bar-refresh-icon"
                class=""
                src="/assets/images/keychain_icon_small.png"
              />
              <div
                class="spacer"
              />
              <span
                aria-label="reward-claim-icon"
                class="icon-component material-icons button claim-button clickable"
              >
                redeem
              </span>
              <span
                aria-label="log-out-button"
                class="icon-component material-icons button lock-button clickable"
              >
                logout
              </span>
              <span
                aria-label="clickable-settings"
                class="icon-component material-icons button settings-button clickable"
              >
                menu
              </span>
            </div>
            <div>
              <div
                class="select-account-section"
              >
                <div>
                  <div
                    aria-expanded="false"
                    aria-label="Dropdown select"
                    class="react-dropdown-select select-account-select css-16vukcu e1gzf2xs0"
                    color="#0074D9"
                    direction="ltr"
                    tabindex="0"
                  >
                    <div
                      class="react-dropdown-select-content react-dropdown-select-type-single css-1m5113o e1gn6jc30"
                    >
                      <div
                        class="selected-account-panel"
                      >
                        <img
                          src="https://images.hive.blog/u/keychain.tests/avatar"
                        />
                        <div
                          aria-label="selected-account-name"
                          class="selected-account-name"
                        >
                          keychain.tests
                        </div>
                      </div>
                    </div>
                    <div
                      class="react-dropdown-select-dropdown-handle css-ago8sv e1vudypg0"
                      color="#0074D9"
                      rotate="1"
                      tabindex="-1"
                    >
                      <svg
                        fill="currentColor"
                        viewBox="0 0 40 40"
                      >
                        <path
                          d="M31 26.4q0 .3-.2.5l-1.1 1.2q-.3.2-.6.2t-.5-.2l-8.7-8.8-8.8 8.8q-.2.2-.5.2t-.5-.2l-1.2-1.2q-.2-.2-.2-.5t.2-.5l10.4-10.4q.3-.2.6-.2t.5.2l10.4 10.4q.2.2.2.5z"
                        />
                      </svg>
                    </div>
                  </div>
                </div>
              </div>
            </div>
            <div
              class="resources-section"
            >
              <div
                aria-label="custom-tool-tip-popup_html_vm"
                class="tooltip-container"
              >
                <div
                  class="tooltip-anchor"
                >
                  <div
                    aria-label="resource-item-voting-mana"
                    class="resource-item"
                  >
                    <span
                      class="icon-component material-icons icon "
                    >
                      arrow_circle_up
                    </span>
                    <div
                      class="right-panel"
                    >
                      <div
                        class="top"
                      >
                        <div
                          class="label"
                        >
                          Voting Mana
                        </div>
                      </div>
                      <div
                        class="bottom"
                      >
                        1.00 % (1.00 $)
                      </div>
                    </div>
                  </div>
                </div>
              </div>
              <div
                aria-label="custom-tool-tip-popup_html_rc"
                class="tooltip-container"
              >
                <div
                  class="tooltip-anchor"
                >
                  <div
                    aria-label="resource-item-resource-credits"
                    class="resource-item"
                  >
                    <span
                      class="icon-component material-icons icon "
                    >
                      speed
                    </span>
                    <div
                      class="right-panel"
                    >
                      <div
                        class="top"
                      >
                        <div
                          class="label"
                        >
                          Resource Credits
                        </div>
                      </div>
                      <div
                        class="bottom"
                      >
                        1.00 % 
                      </div>
                    </div>
                  </div>
                </div>
              </div>
            </div>
            <div
              class="estimated-account-value-section"
            >
              <div
                class="label-panel"
              >
                <div
                  aria-label="custom-tool-tip-estimated-value-section"
                  class="tooltip-container"
                >
                  <div
                    class="tooltip-anchor"
                  >
                    <div
                      class="label"
                    >
                      Estimated Account Value
                    </div>
                  </div>
                </div>
              </div>
              <div
                aria-label="estimated-account-div-value"
                class="value"
              >
                $ 100000 USD
              </div>
            </div>
            <div
              class="wallet-info-section"
            >
              <div
                class="wallet-info-row"
              >
                <div
                  class="value"
                >
                  <div
                    class="balance"
                  >
                    1,000.000
                  </div>
                  <div
                    class="savings"
                  >
                    +10,000.000
                  </div>
                </div>
                <div
                  class="currency"
                >
                  <div
                    class="balance"
                  >
                    HIVE
                  </div>
                  <div
                    class="savings"
                  >
                    (savings)
                  </div>
                </div>
                <img
                  aria-label="dropdown-arrow-hive"
                  class="dropdown-arrow"
                  src="/assets/images/uparrow.png"
                />
              </div>
              <div
                class="wallet-info-row"
              >
                <div
                  class="value"
                >
                  <div
                    class="balance"
                  >
                    1,000.000
                  </div>
                  <div
                    class="savings"
                  >
                    +10,000.000
                  </div>
                </div>
                <div
                  class="currency"
                >
                  <div
                    class="balance"
                  >
                    HBD
                  </div>
                  <div
                    class="savings"
                  >
                    (savings)
                  </div>
                </div>
                <img
                  aria-label="dropdown-arrow-hbd"
                  class="dropdown-arrow"
                  src="/assets/images/uparrow.png"
                />
              </div>
              <div
                class="wallet-info-row"
              >
                <div
                  class="value"
                >
                  <div
                    class="balance"
                  >
                    5.459
                  </div>
                  <div
                    class="savings"
                  >
                    +10.863
                  </div>
                </div>
                <div
                  class="currency"
                >
                  <div
                    class="balance"
                  >
                    HP
                  </div>
                  <div
                    class="savings"
                  >
                    (Deleg.)
                  </div>
                </div>
                <img
                  aria-label="dropdown-arrow-hp"
                  class="dropdown-arrow"
                  src="/assets/images/uparrow.png"
                />
              </div>
            </div>
            <div
              class="actions-section"
            >
              <div
                aria-label="action-button-send"
                class="action-button"
              >
                <div
                  class="icon-container"
                >
                  <span
                    class="icon-component material-icons-outlined icon "
                  >
                    send
                  </span>
                </div>
                <div
                  class="label"
                >
                  Send
                </div>
              </div>
              <div
                aria-label="action-button-history"
                class="action-button"
              >
                <div
                  class="icon-container"
                >
                  <span
                    class="icon-component material-icons-outlined icon "
                  >
                    history
                  </span>
                </div>
                <div
                  class="label"
                >
                  History
                </div>
              </div>
              <div
                aria-label="action-button-tokens"
                class="action-button"
              >
                <div
                  class="icon-container"
                >
                  <img
                    class="icon imported-icon"
                    src="/assets/images/hive-engine.svg"
                  />
                </div>
                <div
                  class="label"
                >
                  Tokens
                </div>
              </div>
              <div
                aria-label="action-button-gov."
                class="action-button"
              >
                <div
                  class="icon-container"
                >
                  <img
                    class="icon imported-icon"
                    src="/assets/images/hive-brands.svg"
                  />
                </div>
                <div
                  class="label"
                >
                  Gov.
                </div>
              </div>
            </div>
          </div>
        </div>
      </div>
    </div>
    <div
      class="Toastify"
    />
    <div
      aria-label="proposal-voting-section"
      class="proposal-voting-section hide closed"
    >
      <span
        class="icon-component material-icons close clickable"
      >
        clear
      </span>
      <div
        class="text"
      >
        Support Keychain development proposal
      </div>
    </div>
  </div>
</DocumentFragment>
`;
