// Jest Snapshot v1, https://goo.gl/fbAQLP

exports[`manage-account.component tests:
 General cases:
 Must display manage-account and match snapshot: manage-account.component ALL KEYS 1`] = `
<DocumentFragment>
  <div
    class="App "
  >
    <div
      class="app-router"
      style="height: 100%; display: grid; grid-template-rows: 70px 1fr;"
    >
      <div
        class="title-section"
      >
        <span
          aria-label="arrow-back-icon"
          class="icon-component material-icons-outlined icon-button clickable"
        >
          arrow_back
        </span>
        <div
          class="title"
        >
          Manage accounts
        </div>
        <span
          aria-label="icon-close-page"
          class="icon-component material-icons-outlined icon-button clickable"
        >
          clear
        </span>
      </div>
      <div
        class="page-content"
        style="overflow: auto; display: flex; flex-direction: column;"
      >
        <div
          aria-label="settings-manage-account"
          class="settings-manage-account"
        >
          <div>
            <div
              class="select-account-section"
            >
              <div>
                <div
                  aria-expanded="false"
                  aria-label="Dropdown select"
                  class="react-dropdown-select select-account-select css-16vukcu e1gzf2xs0"
                  color="#0074D9"
                  direction="ltr"
                  tabindex="0"
                >
                  <div
                    class="react-dropdown-select-content react-dropdown-select-type-single css-1m5113o e1gn6jc30"
                  >
                    <div
                      class="selected-account-panel"
                    >
                      <img
                        src="https://images.hive.blog/u/keychain.tests/avatar"
                      />
                      <div
                        aria-label="selected-account-name"
                        class="selected-account-name"
                      >
                        keychain.tests
                      </div>
                    </div>
                  </div>
                  <div
                    class="react-dropdown-select-dropdown-handle css-ago8sv e1vudypg0"
                    color="#0074D9"
                    rotate="1"
                    tabindex="-1"
                  >
                    <svg
                      fill="currentColor"
                      viewBox="0 0 40 40"
                    >
                      <path
                        d="M31 26.4q0 .3-.2.5l-1.1 1.2q-.3.2-.6.2t-.5-.2l-8.7-8.8-8.8 8.8q-.2.2-.5.2t-.5-.2l-1.2-1.2q-.2-.2-.2-.5t.2-.5l10.4-10.4q.3-.2.6-.2t.5.2l10.4 10.4q.2.2.2.5z"
                      />
                    </svg>
                  </div>
                </div>
              </div>
            </div>
          </div>
          <div
            class="account-keys-list"
          >
            <div
              class="keys-panel"
            >
              <div
                class="account-keys-list-item"
              >
                <div
                  class="top-panel"
                >
                  <div
                    class="key-name"
                  >
                    Posting Key
                  </div>
                  <span
                    aria-label="icon-remove-key-Posting Key"
                    class="icon-component material-icons-outlined remove-button clickable"
                  >
                    delete
                  </span>
                </div>
                <div
                  class="keys-panel"
                >
                  <div
                    aria-label="clickeable-account-key-Posting Key"
                    class="private-key key-field hidden"
                  >
                    Click to show private key
                  </div>
                  <div
                    class="public-key key-field"
                  >
                    STM7KKUZb1CzwRiaN2RQcGeJUpcHM5BmCNudxXW21xqktBe91RpD8
                  </div>
                </div>
              </div>
              <div
                class="account-keys-list-item"
              >
                <div
                  class="top-panel"
                >
                  <div
                    class="key-name"
                  >
                    Active Key
                  </div>
                  <span
                    aria-label="icon-remove-key-Active Key"
                    class="icon-component material-icons-outlined remove-button clickable"
                  >
                    delete
                  </span>
                </div>
                <div
                  class="keys-panel"
                >
                  <div
                    aria-label="clickeable-account-key-Active Key"
                    class="private-key key-field hidden"
                  >
                    Click to show private key
                  </div>
                  <div
                    class="public-key key-field"
                  >
                    STM622dVYEu3Hiic6F4QiH1JALAXm8yRqfLd5kCq8xs8ZzNRnKGXC
                  </div>
                </div>
              </div>
              <div
                class="account-keys-list-item"
              >
                <div
                  class="top-panel"
                >
                  <div
                    class="key-name"
                  >
                    Memo Key
                  </div>
                  <span
                    aria-label="icon-remove-key-Memo Key"
                    class="icon-component material-icons-outlined remove-button clickable"
                  >
                    delete
                  </span>
                </div>
                <div
                  class="keys-panel"
                >
                  <div
                    aria-label="clickeable-account-key-Memo Key"
                    class="private-key key-field hidden"
                  >
                    Click to show private key
                  </div>
                  <div
                    class="public-key key-field"
                  >
                    STM8eALyQwyb2C4XhXJ7eZfjfjfSeNeeZREaxPcJRApie1uwzzcuF
                  </div>
                </div>
              </div>
            </div>
            <button
              aria-label="button-toogle-qr-code"
              class="submit-button default "
            >
              <div
                class="button-label"
              >
                Show QR Code 
              </div>
            </button>
            <button
              aria-label="button-delete-account"
              class="submit-button important "
            >
              <div
                class="button-label"
              >
                Remove from Keychain 
              </div>
            </button>
          </div>
        </div>
      </div>
    </div>
    <div
      class="Toastify"
    />
    <div
      aria-label="proposal-voting-section"
      class="proposal-voting-section hide closed"
    >
      <span
        class="icon-component material-icons close clickable"
      >
        clear
      </span>
      <div
        class="text"
      >
        Support Keychain development proposal
      </div>
    </div>
  </div>
</DocumentFragment>
`;
