// Jest Snapshot v1, https://goo.gl/fbAQLP

exports[`change-password.component tests:
 Must show message and inputs: change-password.component Default 1`] = `
<DocumentFragment>
  <div
    class="App "
  >
    <div
      class="app-router"
      style="height: 100%; display: grid; grid-template-rows: 70px 1fr;"
    >
      <div
        class="title-section"
      >
        <span
          aria-label="arrow-back-icon"
          class="icon-component material-icons-outlined icon-button clickable"
        >
          arrow_back
        </span>
        <div
          class="title"
        >
          Change password
        </div>
        <span
          aria-label="icon-close-page"
          class="icon-component material-icons-outlined icon-button clickable"
        >
          clear
        </span>
      </div>
      <div
        class="page-content"
        style="overflow: auto; display: flex; flex-direction: column;"
      >
        <div
          class="change-password-page"
        >
          <div
            class="caption"
          >
            Input your old password for confirmation, then chose a new password.
          </div>
          <div
            class="custom-input"
          >
            <div
              class="label"
            >
              Old Password 
            </div>
            <div
              class="input-container  password-type  "
            >
              <input
                aria-label="input-old-password"
                class=""
                placeholder="Old Password "
                type="password"
                value=""
              />
              <span
                class="icon-component material-icons-outlined input-img display-password clickable"
              >
                visibility
              </span>
              <span
                class="icon-component material-icons-outlined input-img "
              >
                password
              </span>
            </div>
          </div>
          <div
            class="custom-input"
          >
            <div
              class="label"
            >
              New Password 
            </div>
            <div
              class="input-container  password-type  "
            >
              <input
                aria-label="input-new-password"
                class=""
                placeholder="New Password "
                type="password"
                value=""
              />
              <span
                class="icon-component material-icons-outlined input-img display-password clickable"
              >
                visibility
              </span>
              <span
                class="icon-component material-icons-outlined input-img "
              >
                password
              </span>
            </div>
          </div>
          <div
            class="custom-input"
          >
            <div
              class="label"
            >
              Confirm 
            </div>
            <div
              class="input-container  password-type  "
            >
              <input
                aria-label="input-new-password-confirmation"
                class=""
                placeholder="Confirm "
                type="password"
                value=""
              />
              <span
                class="icon-component material-icons-outlined input-img display-password clickable"
              >
                visibility
              </span>
              <span
                class="icon-component material-icons-outlined input-img "
              >
                password
              </span>
            </div>
          </div>
          <button
            aria-label="submit-button"
            class="submit-button default fix-to-bottom"
          >
            <div
              class="button-label"
            >
              Submit 
            </div>
          </button>
        </div>
      </div>
    </div>
    <div
      class="Toastify"
    />
    <div
      aria-label="proposal-voting-section"
      class="proposal-voting-section hide closed"
    >
      <span
        class="icon-component material-icons close clickable"
      >
        clear
      </span>
      <div
        class="text"
      >
        Support Keychain development proposal
      </div>
    </div>
  </div>
</DocumentFragment>
`;
